  3.00000000   1.00000000   1.00000000   1.00000000
  4.00000000   1.00000000   1.00000000   1.00000000
  4.00000000   1.00000000   1.00000000   1.00000000
  4.50000000   2.00000000   2.00000000   2.00000000
  2.50000000   1.00000000   1.00000000   1.00000000
  3.50000000   2.00000000   2.00000000   2.00000000
  3.50000000   2.00000000   2.00000000   2.00000000
  3.00000000   2.00000000   2.00000000   2.00000000
