  3.00000000   1.00000000   1.00000000   1.00000000
  4.00000000   1.00000000   1.00000000   1.00000000
  4.00000000   1.00000000   1.00000000   1.00000000
  4.50000000   2.00000000   2.00000000   2.00000000
  3.00000000   1.00000000   1.00000000   1.00000000
  3.50000000   2.00000000   2.00000000   2.00000000
  3.50000000   2.00000000   2.00000000   2.00000000
  3.00000000   2.00000000   2.00000000   2.00000000

  3.50000000   3.50000000   1.00000000   1.00000000
  2.00000000   5.00000000   1.00000000   1.00000000
  2.75000000   6.25000000   2.00000000   2.00000000
  1.25000000   3.75000000   0.00000000   0.00000000
  4.00000000   6.00000000   3.00000000   3.00000000
  2.50000000   3.50000000   1.00000000   1.00000000
  2.50000000   4.00000000   2.00000000   2.00000000
  3.25000000   3.25000000   2.00000000   2.00000000
